
RENEXUS TEST RESULTS
===================
Date: 2025-06-29T08:17:29.556Z
Total Tests: 25
Passed: 25 (100.00%)
Failed: 0
Skipped: 0
Overall: PASSED
  