-----------------------|---------|----------|---------|---------|-------------------
File                   | % Stmts | % Branch | % Funcs | % Lines | Uncovered Line #s 
-----------------------|---------|----------|---------|---------|-------------------
All files              |   13.95 |        0 |       0 |   13.95 |                   
 project.controller.ts |    3.47 |        0 |       0 |    3.47 | 15-431            
 project.routes.ts     |     100 |      100 |     100 |     100 |                   
-----------------------|---------|----------|---------|---------|-------------------
